../Src/main.c:67:5:main	24	static
../Src/main.c:84:6:n_calls	24	static
../Src/main.c:92:6:space	16	static
../Src/main.c:96:6:init_blink	16	static
../Src/main.c:105:6:dot	16	static
../Src/main.c:112:6:dash	16	static
../Src/main.c:119:6:A	8	static
../Src/main.c:125:6:B	8	static
../Src/main.c:131:6:C	8	static
../Src/main.c:139:6:D	8	static
../Src/main.c:145:6:E	8	static
../Src/main.c:150:6:F	8	static
../Src/main.c:157:6:G	8	static
../Src/main.c:163:6:H	8	static
../Src/main.c:168:6:I	8	static
../Src/main.c:173:6:J	8	static
../Src/main.c:179:6:K	8	static
../Src/main.c:186:6:L	8	static
../Src/main.c:193:6:M	8	static
../Src/main.c:198:6:N	8	static
../Src/main.c:204:6:O	8	static
../Src/main.c:209:6:P	8	static
../Src/main.c:216:6:Q	8	static
../Src/main.c:223:6:R	8	static
../Src/main.c:230:6:S	8	static
../Src/main.c:235:6:T	8	static
../Src/main.c:240:6:U	8	static
../Src/main.c:246:6:V	8	static
../Src/main.c:252:6:W	8	static
../Src/main.c:258:6:X	8	static
../Src/main.c:265:6:Y	8	static
../Src/main.c:272:6:Z	8	static
../Src/main.c:279:6:display	24	static
